// Jest Snapshot v1, https://goo.gl/fbAQLP

exports[`Test <Footer/> Component Should render Footer with all nodes 1`] = `
<footer
  className="page-footer blue darken-3"
>
  <div
    className="container"
  >
    <div
      className="footer"
    >
      <span>
        Â© 2020 BareFoot Nomad, All rights reserved.
      </span>
    </div>
  </div>
</footer>
`;
