// Jest Snapshot v1, https://goo.gl/fbAQLP

exports[`*************** Testing the Not Found  component *************** Should render the reset password page correctly 1`] = `
<div>
  <h1>
    404: Can not Find The item 
    item
  </h1>
  <p>
    The requested Item can not be found in our database.
  </p>
</div>
`;
